{"case": "ref_force128", "status": "started", "nparticle": 64, "nmesh": 128, "initial_force_diagnostic": {"mean_radial_g": -0.0025344824571522434, "median_radial_g": -0.0027321843359338826, "fraction_particles_with_inward_g": 0.9815242494226328, "relative_L2_error_vs_uniform_core": 0.3280356816045586, "definition": "g=-grad(psi), laplacian(psi)=delta; radial_g=g dot (x-center)/|x-center|, negative means inward; box units", "reference": "continuum compensated spherical core g_exact=-(delta_i/3)*(x-center); fixed core labels only", "scope": "physical particle/force-grid discretization diagnostic, not an FFT implementation check"}}
{"case": "ref_main", "status": "started", "nparticle": 64, "nmesh": 256, "initial_force_diagnostic": {"mean_radial_g": -0.003616003366019882, "median_radial_g": -0.0038847630786589963, "fraction_particles_with_inward_g": 0.9711316397228638, "relative_L2_error_vs_uniform_core": 0.6530577522340192, "definition": "g=-grad(psi), laplacian(psi)=delta; radial_g=g dot (x-center)/|x-center|, negative means inward; box units", "reference": "continuum compensated spherical core g_exact=-(delta_i/3)*(x-center); fixed core labels only", "scope": "physical particle/force-grid discretization diagnostic, not an FFT implementation check"}}
{"case": "ref_force128", "steps": 25, "a": 0.027643296312792172, "Delta_proxy": 1.1003068120703152, "wall_seconds": 21.32824656739831}
{"case": "ref_force128", "steps": 50, "a": 0.03820759155184147, "Delta_proxy": 1.1398171784397841, "wall_seconds": 43.16669921576977}
{"case": "ref_force128", "steps": 75, "a": 0.052809188733284426, "Delta_proxy": 1.2006003944167416, "wall_seconds": 61.81859792768955}
{"case": "ref_main", "steps": 25, "a": 0.027643296312792172, "Delta_proxy": 1.101920230134944, "wall_seconds": 73.39281877502799}
{"case": "ref_force128", "steps": 100, "a": 0.07299100260961737, "Delta_proxy": 1.2950005430059255, "wall_seconds": 80.0034346729517}
{"case": "ref_force128", "steps": 125, "a": 0.10088559566527197, "Delta_proxy": 1.444709155744095, "wall_seconds": 99.92347021773458}
{"case": "ref_force128", "steps": 150, "a": 0.13944052073338273, "Delta_proxy": 1.7004137309360368, "wall_seconds": 122.87198390066624}
{"case": "ref_main", "steps": 50, "a": 0.03820759155184147, "Delta_proxy": 1.1443753940335268, "wall_seconds": 139.85842200368643}
{"case": "ref_force128", "steps": 175, "a": 0.19272978163214696, "Delta_proxy": 2.1938445047701443, "wall_seconds": 141.888007953763}
{"case": "ref_force128", "steps": 200, "a": 0.2448855199126652, "Delta_proxy": 2.9340486396884833, "wall_seconds": 165.08905527740717}
{"case": "ref_force128", "steps": 225, "a": 0.28790090014113634, "Delta_proxy": 3.867143561771718, "wall_seconds": 185.75907374545932}
{"case": "ref_main", "steps": 75, "a": 0.052809188733284426, "Delta_proxy": 1.207078626457545, "wall_seconds": 202.70090078562498}
{"case": "ref_force128", "steps": 250, "a": 0.33847214948289717, "Delta_proxy": 5.693931878152075, "wall_seconds": 205.67690802365541}
{"case": "ref_force128", "steps": 275, "a": 0.37419371414171676, "Delta_proxy": 7.781215397134455, "wall_seconds": 226.4451624378562}
{"case": "ref_force128", "steps": 300, "a": 0.40572936953040345, "Delta_proxy": 10.389102639255395, "wall_seconds": 247.47252837195992}
{"case": "ref_main", "steps": 100, "a": 0.07299100260961737, "Delta_proxy": 1.301818172547539, "wall_seconds": 266.6408527046442}
{"case": "ref_force128", "steps": 325, "a": 0.4377921872395467, "Delta_proxy": 14.773572083544211, "wall_seconds": 271.74112851545215}
{"case": "ref_force128", "steps": 350, "a": 0.4558668227821433, "Delta_proxy": 16.636701675009338, "wall_seconds": 295.58202009275556}
{"case": "ref_force128", "steps": 375, "a": 0.47468768555199486, "Delta_proxy": 20.062513583747172, "wall_seconds": 318.28424467146397}
{"case": "ref_main", "steps": 125, "a": 0.10088559566527197, "Delta_proxy": 1.455628911908022, "wall_seconds": 329.66527335718274}
{"case": "ref_force128", "steps": 400, "a": 0.4942855841965778, "Delta_proxy": 29.483413002067948, "wall_seconds": 341.6722672395408}
{"case": "ref_force128", "steps": 425, "a": 0.5146925993254798, "Delta_proxy": 63.203052652411706, "wall_seconds": 364.08340541645885}
{"case": "ref_force128", "status": "completed", "steps": 447, "event200_a": 0.5326680357768472, "failures": 1, "wall_seconds": 385.41665390878916}
{"case": "ref_halfstep", "status": "started", "nparticle": 64, "nmesh": 256, "initial_force_diagnostic": {"mean_radial_g": -0.003616003366019882, "median_radial_g": -0.0038847630786589963, "fraction_particles_with_inward_g": 0.9711316397228638, "relative_L2_error_vs_uniform_core": 0.6530577522340192, "definition": "g=-grad(psi), laplacian(psi)=delta; radial_g=g dot (x-center)/|x-center|, negative means inward; box units", "reference": "continuum compensated spherical core g_exact=-(delta_i/3)*(x-center); fixed core labels only", "scope": "physical particle/force-grid discretization diagnostic, not an FFT implementation check"}}
{"case": "ref_main", "steps": 150, "a": 0.12985713968869353, "Delta_proxy": 1.6479015204844552, "wall_seconds": 395.6289000958204}
{"case": "ref_halfstep", "steps": 25, "a": 0.023513101162029676, "Delta_proxy": 1.085994221544285, "wall_seconds": 65.98314098268747}
{"case": "ref_main", "steps": 175, "a": 0.15266720310560358, "Delta_proxy": 1.8260456553138407, "wall_seconds": 464.42876356467605}
{"case": "ref_halfstep", "steps": 50, "a": 0.027643296312792068, "Delta_proxy": 1.1019218641357273, "wall_seconds": 131.03489597141743}
{"case": "ref_main", "steps": 200, "a": 0.1794839695373094, "Delta_proxy": 2.0756629826128488, "wall_seconds": 535.2699086889625}
{"case": "ref_halfstep", "steps": 75, "a": 0.03249898113273209, "Delta_proxy": 1.1209008709948396, "wall_seconds": 193.4824173860252}
{"case": "ref_main", "steps": 225, "a": 0.209649767937226, "Delta_proxy": 2.424812475755713, "wall_seconds": 603.2108046486974}
{"case": "ref_halfstep", "steps": 100, "a": 0.0382075915518412, "Delta_proxy": 1.1443777541353932, "wall_seconds": 255.38106206804514}
{"case": "ref_main", "steps": 250, "a": 0.22731827113255898, "Delta_proxy": 2.673981820819194, "wall_seconds": 674.196375194937}
{"case": "ref_halfstep", "steps": 125, "a": 0.04491894826579765, "Delta_proxy": 1.1727540422030158, "wall_seconds": 316.7133176960051}
{"case": "ref_main", "steps": 275, "a": 0.24647581010520306, "Delta_proxy": 2.993714397483836, "wall_seconds": 742.4195051528513}
{"case": "ref_halfstep", "steps": 150, "a": 0.05280918873328388, "Delta_proxy": 1.2070855241145009, "wall_seconds": 377.42059890180826}
{"case": "ref_main", "steps": 300, "a": 0.26724787525587884, "Delta_proxy": 3.4073534818283475, "wall_seconds": 812.8268749080598}
{"case": "ref_halfstep", "steps": 175, "a": 0.06208538984852107, "Delta_proxy": 1.250112147860373, "wall_seconds": 438.6478627435863}
{"case": "ref_main", "steps": 325, "a": 0.2888342037256792, "Delta_proxy": 3.8829619282986925, "wall_seconds": 884.0470724143088}
{"case": "ref_halfstep", "steps": 200, "a": 0.07299100260961636, "Delta_proxy": 1.3018171523505915, "wall_seconds": 500.66412683203816}
{"case": "ref_halfstep", "steps": 225, "a": 0.08581224141389411, "Delta_proxy": 1.3693143888709374, "wall_seconds": 565.0984341092408}
{"case": "ref_main", "steps": 350, "a": 0.30075897789192335, "Delta_proxy": 4.183964707350445, "wall_seconds": 957.1220103651285}
{"case": "ref_halfstep", "steps": 250, "a": 0.10088559566527024, "Delta_proxy": 1.4556504999243598, "wall_seconds": 629.1217561922967}
{"case": "ref_main", "steps": 375, "a": 0.3131760768489356, "Delta_proxy": 4.55898141318204, "wall_seconds": 1029.9979085363448}
{"case": "ref_halfstep", "steps": 275, "a": 0.1186066608334561, "Delta_proxy": 1.5688602471355144, "wall_seconds": 698.4361743889749}
{"case": "ref_main", "steps": 400, "a": 0.32610582665876353, "Delta_proxy": 4.90610415714736, "wall_seconds": 1107.0996359810233}
{"case": "ref_halfstep", "steps": 300, "a": 0.12985713968869125, "Delta_proxy": 1.6479458719656634, "wall_seconds": 765.1120434887707}
{"case": "ref_main", "steps": 425, "a": 0.33956939256280544, "Delta_proxy": 5.32529214100551, "wall_seconds": 1180.9354741610587}
{"case": "ref_halfstep", "steps": 325, "a": 0.14080101675615084, "Delta_proxy": 1.7292368453543254, "wall_seconds": 832.1041165068746}
{"case": "ref_main", "steps": 450, "a": 0.3535888136280683, "Delta_proxy": 5.821208524902644, "wall_seconds": 1252.1505050733685}
{"case": "ref_halfstep", "steps": 350, "a": 0.15266720310560142, "Delta_proxy": 1.826073689825415, "wall_seconds": 897.7343161590397}
{"case": "ref_main", "steps": 475, "a": 0.3681870388238266, "Delta_proxy": 6.426248768518608, "wall_seconds": 1324.839627996087}
{"case": "ref_halfstep", "steps": 375, "a": 0.16553342753520123, "Delta_proxy": 1.9401546079344425, "wall_seconds": 965.1173061393201}
{"case": "ref_main", "steps": 500, "a": 0.3833879645877375, "Delta_proxy": 7.100548543733411, "wall_seconds": 1397.5246731862426}
{"case": "ref_halfstep", "steps": 400, "a": 0.17948396953730758, "Delta_proxy": 2.0756649876447724, "wall_seconds": 1032.1156251430511}
{"case": "ref_main", "steps": 525, "a": 0.3985709623757317, "Delta_proxy": 7.894666238014953, "wall_seconds": 1470.1536247096956}
{"case": "ref_halfstep", "steps": 425, "a": 0.1946102113666356, "Delta_proxy": 2.2412313488735904, "wall_seconds": 1098.8492737486959}
{"case": "ref_main", "steps": 550, "a": 0.40671542611579276, "Delta_proxy": 8.241029602984772, "wall_seconds": 1544.9412680864334}
{"case": "ref_halfstep", "steps": 450, "a": 0.2093107755381322, "Delta_proxy": 2.4204485040093973, "wall_seconds": 1167.359866283834}
{"case": "ref_main", "steps": 575, "a": 0.41502631514990374, "Delta_proxy": 8.814842069130593, "wall_seconds": 1618.8936150185764}
{"case": "ref_halfstep", "steps": 475, "a": 0.21795235502095625, "Delta_proxy": 2.5370488295873543, "wall_seconds": 1236.323848541826}
{"case": "ref_halfstep", "steps": 500, "a": 0.22695070971406744, "Delta_proxy": 2.6684425544187014, "wall_seconds": 1305.860333878547}
{"case": "ref_main", "steps": 600, "a": 0.42350703023953695, "Delta_proxy": 9.688187620305328, "wall_seconds": 1692.7595235966146}
{"case": "ref_halfstep", "steps": 525, "a": 0.2363205693958503, "Delta_proxy": 2.815610639583228, "wall_seconds": 1374.103095997125}
{"case": "ref_main", "steps": 625, "a": 0.4321610416378767, "Delta_proxy": 11.06910550288581, "wall_seconds": 1765.1496716327965}
{"case": "ref_halfstep", "steps": 550, "a": 0.24607727197654675, "Delta_proxy": 2.9864788578221706, "wall_seconds": 1442.3319409154356}
{"case": "ref_main", "steps": 650, "a": 0.4409918905098241, "Delta_proxy": 12.292665599990173, "wall_seconds": 1837.7109745107591}
{"case": "ref_halfstep", "steps": 575, "a": 0.2562367886055149, "Delta_proxy": 3.1831686618050807, "wall_seconds": 1510.7686644420028}
{"case": "ref_main", "steps": 675, "a": 0.45000319038101844, "Delta_proxy": 14.080273442842833, "wall_seconds": 1910.4921105206013}
{"case": "ref_halfstep", "steps": 600, "a": 0.2668157498150621, "Delta_proxy": 3.3988329717172, "wall_seconds": 1578.8917223140597}
{"case": "ref_main", "steps": 700, "a": 0.4591986286164686, "Delta_proxy": 17.268704359720683, "wall_seconds": 1983.0973001606762}
{"case": "ref_halfstep", "steps": 625, "a": 0.27783147274365133, "Delta_proxy": 3.614856056069748, "wall_seconds": 1648.7418668791652}
{"case": "ref_main", "steps": 725, "a": 0.46858196792939844, "Delta_proxy": 21.016932138406446, "wall_seconds": 2056.565105289221}
{"case": "ref_halfstep", "steps": 650, "a": 0.2888342037256686, "Delta_proxy": 3.8828989208917295, "wall_seconds": 1719.0889644883573}
{"case": "ref_main", "steps": 750, "a": 0.478157047920925, "Delta_proxy": 25.702410042283994, "wall_seconds": 2130.3712766692042}
{"case": "ref_halfstep", "steps": 675, "a": 0.2947362887273238, "Delta_proxy": 4.0309868455701015, "wall_seconds": 1790.152260478586}
{"case": "ref_main", "steps": 775, "a": 0.48792778665119774, "Delta_proxy": 29.371358390119813, "wall_seconds": 2207.1339197456837}
{"case": "ref_halfstep", "steps": 700, "a": 0.30075897789191197, "Delta_proxy": 4.184182551759269, "wall_seconds": 1862.535669799894}
{"case": "ref_main", "steps": 800, "a": 0.4978981822426424, "Delta_proxy": 34.52342312022438, "wall_seconds": 2279.386456273496}
{"case": "ref_halfstep", "steps": 725, "a": 0.30690473566447474, "Delta_proxy": 4.389431554773637, "wall_seconds": 1933.6340410672128}
{"case": "ref_main", "steps": 825, "a": 0.508072314515968, "Delta_proxy": 43.23973287630041, "wall_seconds": 2354.2953009605408}
{"case": "ref_halfstep", "steps": 750, "a": 0.3131760768489236, "Delta_proxy": 4.559106029727764, "wall_seconds": 2005.332746077329}
{"case": "ref_main", "steps": 850, "a": 0.5184543466596027, "Delta_proxy": 64.51261375040589, "wall_seconds": 2429.486003693193}
{"case": "ref_halfstep", "steps": 775, "a": 0.31957556763708117, "Delta_proxy": 4.741676250965745, "wall_seconds": 2076.734433595091}
{"case": "ref_main", "steps": 875, "a": 0.5281930839191805, "Delta_proxy": 129.78156864446822, "wall_seconds": 2502.836726590991}
{"case": "ref_halfstep", "steps": 800, "a": 0.3261058266587508, "Delta_proxy": 4.906467606774597, "wall_seconds": 2148.1883734725416}
{"case": "ref_main", "status": "completed", "steps": 895, "event200_a": 0.5324377348401449, "failures": 3, "wall_seconds": 2566.205801822245}
{"case": "ref_particles128", "status": "started", "nparticle": 128, "nmesh": 256, "initial_force_diagnostic": {"mean_radial_g": -0.003495400632707777, "median_radial_g": -0.0037563452558253218, "fraction_particles_with_inward_g": 1.0, "relative_L2_error_vs_uniform_core": 0.1946770925121791, "definition": "g=-grad(psi), laplacian(psi)=delta; radial_g=g dot (x-center)/|x-center|, negative means inward; box units", "reference": "continuum compensated spherical core g_exact=-(delta_i/3)*(x-center); fixed core labels only", "scope": "physical particle/force-grid discretization diagnostic, not an FFT implementation check"}}
{"case": "ref_halfstep", "steps": 825, "a": 0.3327695260532416, "Delta_proxy": 5.049201485563991, "wall_seconds": 2216.459650322795}
{"case": "ref_halfstep", "steps": 850, "a": 0.3395693925627918, "Delta_proxy": 5.3258198988251, "wall_seconds": 2282.9260072484612}
{"case": "ref_halfstep", "steps": 875, "a": 0.34650820864833265, "Delta_proxy": 5.5596610425295045, "wall_seconds": 2349.840061906725}
{"case": "ref_halfstep", "steps": 900, "a": 0.35358881362805367, "Delta_proxy": 5.821000198675191, "wall_seconds": 2417.9040300026536}
{"case": "ref_particles128", "steps": 25, "a": 0.027643296312792172, "Delta_proxy": 1.1016406772587062, "wall_seconds": 252.99891632050276}
{"case": "ref_halfstep", "steps": 925, "a": 0.3608141048392336, "Delta_proxy": 6.112846928548638, "wall_seconds": 2484.968356370926}
{"case": "ref_halfstep", "steps": 950, "a": 0.3681870388238108, "Delta_proxy": 6.427106450165576, "wall_seconds": 2551.718661032617}
{"case": "ref_halfstep", "steps": 975, "a": 0.375710632538182, "Delta_proxy": 6.758414630964251, "wall_seconds": 2619.290121141821}
{"case": "ref_particles128", "steps": 50, "a": 0.03820759155184147, "Delta_proxy": 1.1436318612596037, "wall_seconds": 494.9378047026694}
{"case": "ref_halfstep", "steps": 1000, "a": 0.38338796458772056, "Delta_proxy": 7.101547322288187, "wall_seconds": 2685.01285847649}
{"case": "ref_halfstep", "steps": 1025, "a": 0.3912221764865214, "Delta_proxy": 7.44612844382052, "wall_seconds": 2751.2957180030644}
{"case": "ref_halfstep", "steps": 1050, "a": 0.39873224234925714, "Delta_proxy": 7.90605523639317, "wall_seconds": 2818.292639721185}
{"case": "ref_halfstep", "steps": 1075, "a": 0.40278552040644033, "Delta_proxy": 8.137007737551395, "wall_seconds": 2885.2342543043196}
{"case": "ref_particles128", "steps": 75, "a": 0.052809188733284426, "Delta_proxy": 1.206410895747461, "wall_seconds": 736.163794234395}
{"case": "ref_halfstep", "steps": 1100, "a": 0.4068800017104741, "Delta_proxy": 8.248069054876597, "wall_seconds": 2953.0924932807684}
{"case": "ref_halfstep", "steps": 1125, "a": 0.41101610510939396, "Delta_proxy": 8.472919721388054, "wall_seconds": 3021.7985702119768}
{"case": "ref_halfstep", "steps": 1150, "a": 0.41519425370899865, "Delta_proxy": 8.829512180063656, "wall_seconds": 3090.496770441532}
{"case": "ref_halfstep", "steps": 1175, "a": 0.4194148749161323, "Delta_proxy": 9.261837932340093, "wall_seconds": 3156.4040658585727}
{"case": "ref_particles128", "steps": 100, "a": 0.07299100260961737, "Delta_proxy": 1.3031252530001132, "wall_seconds": 980.1020983420312}
{"case": "ref_halfstep", "steps": 1200, "a": 0.4236784004824061, "Delta_proxy": 9.70529238583933, "wall_seconds": 3223.6420387513936}
{"case": "ref_halfstep", "steps": 1225, "a": 0.427985266548365, "Delta_proxy": 10.455220743497705, "wall_seconds": 3291.121723406017}
{"case": "ref_halfstep", "steps": 1250, "a": 0.43233591368810326, "Delta_proxy": 11.09623435760883, "wall_seconds": 3359.2385438270867}
{"case": "ref_particles128", "steps": 125, "a": 0.10088559566527197, "Delta_proxy": 1.4590979364066081, "wall_seconds": 1223.445824984461}
{"case": "ref_halfstep", "steps": 1275, "a": 0.43673078695433215, "Delta_proxy": 11.849948008889864, "wall_seconds": 3429.0202628858387}
{"case": "ref_halfstep", "steps": 1300, "a": 0.44117033592390803, "Delta_proxy": 12.285072808851368, "wall_seconds": 3498.020993631333}
{"case": "ref_halfstep", "steps": 1325, "a": 0.445655014743822, "Delta_proxy": 13.263601197161776, "wall_seconds": 3565.011179957539}
{"case": "ref_halfstep", "steps": 1350, "a": 0.4501852821776568, "Delta_proxy": 14.125674875387725, "wall_seconds": 3631.9531531333923}
{"case": "ref_particles128", "steps": 150, "a": 0.13499976503628103, "Delta_proxy": 1.694533931071251, "wall_seconds": 1468.7016055844724}
{"case": "ref_halfstep", "steps": 1375, "a": 0.4547616016525169, "Delta_proxy": 15.743345986778126, "wall_seconds": 3700.228419236839}
{"case": "ref_halfstep", "steps": 1400, "a": 0.45938444130643447, "Delta_proxy": 17.31153104733822, "wall_seconds": 3770.361320666969}
{"case": "ref_halfstep", "steps": 1425, "a": 0.4640542740362587, "Delta_proxy": 19.02631670875672, "wall_seconds": 3840.6908605210483}
{"case": "ref_particles128", "steps": 175, "a": 0.15871315660741572, "Delta_proxy": 1.8957388087864477, "wall_seconds": 1724.8075984157622}
{"case": "ref_halfstep", "steps": 1450, "a": 0.4687715775460304, "Delta_proxy": 21.117549275187596, "wall_seconds": 3909.861366916448}
{"case": "ref_halfstep", "steps": 1475, "a": 0.4735368343958493, "Delta_proxy": 23.6709177653688, "wall_seconds": 3979.6177398115396}
{"case": "ref_halfstep", "steps": 1500, "a": 0.47835053205123834, "Delta_proxy": 25.708689448261314, "wall_seconds": 4046.882891483605}
{"case": "ref_halfstep", "steps": 1525, "a": 0.48321316293300914, "Delta_proxy": 27.022326344959723, "wall_seconds": 4119.116055563092}
{"case": "ref_particles128", "steps": 200, "a": 0.18659192535276126, "Delta_proxy": 2.185461927085264, "wall_seconds": 1986.2851207517087}
{"case": "ref_halfstep", "steps": 1550, "a": 0.48812522446763396, "Delta_proxy": 29.461958603399886, "wall_seconds": 4191.948169153184}
{"case": "ref_halfstep", "steps": 1575, "a": 0.4930872191381308, "Delta_proxy": 31.379199187584693, "wall_seconds": 4264.072061918676}
{"case": "ref_halfstep", "steps": 1600, "a": 0.4980996545354656, "Delta_proxy": 34.79057131574412, "wall_seconds": 4335.727200843394}
{"case": "ref_halfstep", "steps": 1625, "a": 0.5031630434104758, "Delta_proxy": 38.323327944313746, "wall_seconds": 4406.995957821608}
{"case": "ref_particles128", "steps": 225, "a": 0.21936774084186833, "Delta_proxy": 2.625861750087329, "wall_seconds": 2244.3034438863397}
{"case": "ref_halfstep", "steps": 1650, "a": 0.5082779037263238, "Delta_proxy": 43.34428114841335, "wall_seconds": 4479.1923632360995}
{"case": "ref_halfstep", "steps": 1675, "a": 0.5134447587114803, "Delta_proxy": 51.27909388340327, "wall_seconds": 4550.328270796686}
{"case": "ref_halfstep", "steps": 1700, "a": 0.5186641369132513, "Delta_proxy": 65.45830937659659, "wall_seconds": 4621.972097445279}
{"case": "ref_halfstep", "steps": 1725, "a": 0.5239365722518436, "Delta_proxy": 90.0280426162562, "wall_seconds": 4690.117959935218}
{"case": "ref_particles128", "steps": 250, "a": 0.24251930279611977, "Delta_proxy": 3.0276976423516713, "wall_seconds": 2512.0972702540457}
{"case": "ref_halfstep", "steps": 1750, "a": 0.5282999386059388, "Delta_proxy": 131.9824313858061, "wall_seconds": 4762.165160637349}
{"case": "ref_halfstep", "steps": 1775, "a": 0.530978342668732, "Delta_proxy": 173.05646679235142, "wall_seconds": 4831.339504145086}
{"case": "ref_halfstep", "status": "completed", "steps": 1789, "event200_a": 0.5324218600031525, "failures": 1, "wall_seconds": 4872.25070803985}
{"case": "ref_shift", "status": "started", "nparticle": 64, "nmesh": 256, "initial_force_diagnostic": {"mean_radial_g": -0.00329275222971999, "median_radial_g": -0.003211132581982312, "fraction_particles_with_inward_g": 0.9956697459584296, "relative_L2_error_vs_uniform_core": 0.7417952460274692, "definition": "g=-grad(psi), laplacian(psi)=delta; radial_g=g dot (x-center)/|x-center|, negative means inward; box units", "reference": "continuum compensated spherical core g_exact=-(delta_i/3)*(x-center); fixed core labels only", "scope": "physical particle/force-grid discretization diagnostic, not an FFT implementation check"}}
{"case": "ref_shift", "steps": 25, "a": 0.027643296312792172, "Delta_proxy": 1.100674589864405, "wall_seconds": 58.7473855689168}
{"case": "ref_particles128", "steps": 275, "a": 0.26295792821671277, "Delta_proxy": 3.467682812197716, "wall_seconds": 2777.800935022533}
{"case": "ref_shift", "steps": 50, "a": 0.03820759155184147, "Delta_proxy": 1.1413873941276356, "wall_seconds": 115.97850976511836}
{"case": "ref_shift", "steps": 75, "a": 0.052809188733284426, "Delta_proxy": 1.2023965898628592, "wall_seconds": 172.99958362057805}
{"case": "ref_shift", "steps": 100, "a": 0.07299100260961737, "Delta_proxy": 1.2965342347860533, "wall_seconds": 231.77751267328858}
{"case": "ref_shift", "steps": 125, "a": 0.10088559566527197, "Delta_proxy": 1.4475307453848538, "wall_seconds": 291.51436600089073}
{"case": "ref_particles128", "steps": 300, "a": 0.2851190450195052, "Delta_proxy": 4.0661381206603995, "wall_seconds": 3040.1638229563832}
{"case": "ref_shift", "steps": 150, "a": 0.1273597631113162, "Delta_proxy": 1.6180267998623814, "wall_seconds": 352.21900330111384}
{"case": "ref_shift", "steps": 175, "a": 0.1497311497004257, "Delta_proxy": 1.7881995530617611, "wall_seconds": 412.6724622249603}
{"case": "ref_shift", "steps": 200, "a": 0.17603218350065594, "Delta_proxy": 2.0262193090504255, "wall_seconds": 477.05259392783046}
{"case": "ref_shift", "steps": 225, "a": 0.20429117171875147, "Delta_proxy": 2.3403148522877855, "wall_seconds": 540.9314516112208}
{"case": "ref_shift", "steps": 250, "a": 0.22150807234213707, "Delta_proxy": 2.569495638489822, "wall_seconds": 604.7373851053417}
{"case": "ref_particles128", "steps": 325, "a": 0.30914781837586675, "Delta_proxy": 4.916682474876519, "wall_seconds": 3304.180038589984}
{"case": "ref_shift", "steps": 275, "a": 0.24017594935662992, "Delta_proxy": 2.8575187504443798, "wall_seconds": 667.5386456847191}
{"case": "ref_shift", "steps": 300, "a": 0.260417085659344, "Delta_proxy": 3.227554509653723, "wall_seconds": 730.3602627925575}
{"case": "ref_shift", "steps": 325, "a": 0.2823640696954493, "Delta_proxy": 3.7181622096068008, "wall_seconds": 792.178951408714}
{"case": "ref_shift", "steps": 350, "a": 0.3046779280802526, "Delta_proxy": 4.326841942143017, "wall_seconds": 856.8901937156916}
{"case": "ref_particles128", "steps": 350, "a": 0.33520164743824743, "Delta_proxy": 6.18895611920539, "wall_seconds": 3565.7609957046807}
{"case": "ref_shift", "steps": 375, "a": 0.3172568243429919, "Delta_proxy": 4.7360991020729735, "wall_seconds": 921.8769512102008}
{"case": "ref_shift", "steps": 400, "a": 0.33035505140263444, "Delta_proxy": 5.210624638430014, "wall_seconds": 987.0179616957903}
{"case": "ref_shift", "steps": 425, "a": 0.3439940502879461, "Delta_proxy": 5.786603425822434, "wall_seconds": 1052.1126012727618}
{"case": "ref_shift", "steps": 450, "a": 0.3581961472394254, "Delta_proxy": 6.432858091232985, "wall_seconds": 1117.2950415834785}
{"case": "ref_particles128", "steps": 375, "a": 0.3599393331897531, "Delta_proxy": 7.931717399071403, "wall_seconds": 3832.7387588247657}
{"case": "ref_shift", "steps": 475, "a": 0.37298459025604863, "Delta_proxy": 7.174179106521933, "wall_seconds": 1183.1253177076578}
{"case": "ref_shift", "steps": 500, "a": 0.388383587150879, "Delta_proxy": 7.957804910287159, "wall_seconds": 1246.9761411473155}
{"case": "ref_shift", "steps": 525, "a": 0.4024597474021522, "Delta_proxy": 8.95348818727666, "wall_seconds": 1310.788776345551}
{"case": "ref_shift", "steps": 550, "a": 0.4106836752066594, "Delta_proxy": 9.714991374124253, "wall_seconds": 1376.284294448793}
{"case": "ref_particles128", "steps": 400, "a": 0.37479974517168324, "Delta_proxy": 9.363945136922416, "wall_seconds": 4105.6372724324465}
{"case": "ref_shift", "steps": 575, "a": 0.4190756520868077, "Delta_proxy": 10.685673605679153, "wall_seconds": 1441.5938891284168}
{"case": "ref_shift", "steps": 600, "a": 0.4276391119846862, "Delta_proxy": 11.926129167891464, "wall_seconds": 1508.5671542212367}
{"case": "ref_shift", "steps": 625, "a": 0.4363775590121138, "Delta_proxy": 13.667346260136092, "wall_seconds": 1574.171061091125}
{"case": "ref_shift", "steps": 650, "a": 0.44529456888449914, "Delta_proxy": 16.02502547518857, "wall_seconds": 1640.258227121085}
{"case": "ref_particles128", "steps": 425, "a": 0.39027368233385895, "Delta_proxy": 11.306115605929019, "wall_seconds": 4381.461164616048}
{"case": "ref_shift", "steps": 675, "a": 0.4543937903839998, "Delta_proxy": 19.493123050669386, "wall_seconds": 1705.343681808561}
{"case": "ref_shift", "steps": 700, "a": 0.46367894685258015, "Delta_proxy": 24.49472640721151, "wall_seconds": 1770.1896575279534}
{"case": "ref_shift", "steps": 725, "a": 0.4731538377155789, "Delta_proxy": 31.65075091434582, "wall_seconds": 1836.0245363414288}
{"case": "ref_shift", "steps": 750, "a": 0.482822340036409, "Delta_proxy": 42.98956356709186, "wall_seconds": 1901.7514067068696}
{"case": "ref_particles128", "steps": 450, "a": 0.40638647460301797, "Delta_proxy": 14.081464063298904, "wall_seconds": 4655.996678326279}
{"case": "ref_shift", "steps": 775, "a": 0.49268841010302605, "Delta_proxy": 62.959963688461265, "wall_seconds": 1967.7024832740426}
{"case": "ref_shift", "steps": 800, "a": 0.5027560850468158, "Delta_proxy": 105.66700538617977, "wall_seconds": 2035.0579273849726}
{"case": "ref_shift", "status": "completed", "steps": 824, "event200_a": 0.5114809715074147, "failures": 2, "wall_seconds": 2102.4309004098177}
{"case": "clock_main", "status": "started", "nparticle": 64, "nmesh": 256, "initial_force_diagnostic": {"mean_radial_g": -0.003616003366019882, "median_radial_g": -0.0038847630786589963, "fraction_particles_with_inward_g": 0.9711316397228638, "relative_L2_error_vs_uniform_core": 0.6530577522340192, "definition": "g=-grad(psi), laplacian(psi)=delta; radial_g=g dot (x-center)/|x-center|, negative means inward; box units", "reference": "continuum compensated spherical core g_exact=-(delta_i/3)*(x-center); fixed core labels only", "scope": "physical particle/force-grid discretization diagnostic, not an FFT implementation check"}}
{"case": "clock_main", "steps": 25, "a": 0.027643296312792172, "Delta_proxy": 1.1019188015543784, "wall_seconds": 59.80412120372057}
{"case": "clock_main", "steps": 50, "a": 0.03820759155184147, "Delta_proxy": 1.1443710327945766, "wall_seconds": 115.68557804077864}
{"case": "ref_particles128", "steps": 475, "a": 0.4231644976742042, "Delta_proxy": 18.206174808366296, "wall_seconds": 4930.854063615203}
{"case": "clock_main", "steps": 75, "a": 0.052809188733284426, "Delta_proxy": 1.207068844911163, "wall_seconds": 172.44632724300027}
{"case": "clock_main", "steps": 100, "a": 0.07299100260961737, "Delta_proxy": 1.3017979621505131, "wall_seconds": 231.23496405035257}
{"case": "clock_main", "steps": 125, "a": 0.10088559566527197, "Delta_proxy": 1.455586889672584, "wall_seconds": 290.28543980792165}
{"case": "clock_main", "steps": 150, "a": 0.12985713968869353, "Delta_proxy": 1.64782507701682, "wall_seconds": 350.85354199633}
{"case": "ref_particles128", "steps": 500, "a": 0.44063521618623225, "Delta_proxy": 24.68933734095502, "wall_seconds": 5203.283980570734}
{"case": "clock_main", "steps": 175, "a": 0.15266720310560358, "Delta_proxy": 1.825930222503959, "wall_seconds": 411.8182120360434}
{"case": "clock_main", "steps": 200, "a": 0.1794839695373094, "Delta_proxy": 2.075487423109262, "wall_seconds": 476.47622787952423}
{"case": "clock_main", "steps": 225, "a": 0.209649767937226, "Delta_proxy": 2.4245307939902556, "wall_seconds": 542.9491811580956}
{"case": "clock_main", "steps": 250, "a": 0.22731827113255898, "Delta_proxy": 2.673611546860574, "wall_seconds": 607.3707238584757}
{"case": "clock_main", "steps": 275, "a": 0.24647581010520306, "Delta_proxy": 2.993213294708182, "wall_seconds": 669.7909755632281}
{"case": "ref_particles128", "steps": 525, "a": 0.45476160165255874, "Delta_proxy": 32.686514944984076, "wall_seconds": 5484.263951983303}
{"case": "clock_main", "steps": 300, "a": 0.26724787525587884, "Delta_proxy": 3.406733621488623, "wall_seconds": 733.1437796391547}
{"case": "clock_main", "steps": 325, "a": 0.2888342037256792, "Delta_proxy": 3.882040358341177, "wall_seconds": 798.6543825417757}
{"case": "clock_main", "steps": 350, "a": 0.30075897789192335, "Delta_proxy": 4.18281640649435, "wall_seconds": 865.6545259766281}
{"case": "clock_main", "steps": 375, "a": 0.3131760768489356, "Delta_proxy": 4.558048757396535, "wall_seconds": 932.7771034352481}
{"case": "ref_particles128", "steps": 550, "a": 0.46405427403630295, "Delta_proxy": 40.01517235591135, "wall_seconds": 5767.454667314887}
{"case": "clock_main", "steps": 400, "a": 0.32610582665876353, "Delta_proxy": 4.905657751658282, "wall_seconds": 1000.6340136900544}
{"case": "clock_main", "steps": 425, "a": 0.33956939256280544, "Delta_proxy": 5.323455740391381, "wall_seconds": 1066.7407189458609}
{"case": "clock_main", "steps": 450, "a": 0.3535888136280683, "Delta_proxy": 5.819424309003973, "wall_seconds": 1134.5041789673269}
{"case": "clock_main", "steps": 475, "a": 0.3681870388238266, "Delta_proxy": 6.424118977653592, "wall_seconds": 1200.9578187018633}
{"case": "ref_particles128", "steps": 575, "a": 0.47353683439589606, "Delta_proxy": 49.52454638987301, "wall_seconds": 6053.679164141417}
{"case": "clock_main", "steps": 500, "a": 0.3833879645877375, "Delta_proxy": 7.098214078099728, "wall_seconds": 1267.6786716654897}
{"case": "clock_main", "steps": 525, "a": 0.3985709623757317, "Delta_proxy": 7.891493073072213, "wall_seconds": 1336.2536479271948}
{"case": "clock_main", "steps": 550, "a": 0.40671542611579276, "Delta_proxy": 8.239270042018724, "wall_seconds": 1404.1491887532175}
{"case": "clock_main", "steps": 575, "a": 0.41502631514990374, "Delta_proxy": 8.809848767917336, "wall_seconds": 1470.2686512805521}
{"case": "clock_main", "steps": 600, "a": 0.42350703023953695, "Delta_proxy": 9.694904342274356, "wall_seconds": 1537.0025198161602}
{"case": "ref_particles128", "steps": 600, "a": 0.4832131629330587, "Delta_proxy": 62.793653245817275, "wall_seconds": 6336.4221001416445}
{"case": "clock_main", "steps": 625, "a": 0.4321610416378767, "Delta_proxy": 11.059576574791231, "wall_seconds": 1603.992194969207}
{"case": "clock_main", "steps": 650, "a": 0.4409918905098241, "Delta_proxy": 12.296357493754638, "wall_seconds": 1671.3384687639773}
{"case": "clock_main", "steps": 675, "a": 0.45000319038101844, "Delta_proxy": 14.063563574663602, "wall_seconds": 1739.237634088844}
{"case": "clock_main", "steps": 700, "a": 0.4591986286164686, "Delta_proxy": 17.2468052182664, "wall_seconds": 1806.0009882636368}
{"case": "ref_particles128", "steps": 625, "a": 0.49308721913818304, "Delta_proxy": 80.5843620647433, "wall_seconds": 6616.211578942835}
{"case": "clock_main", "steps": 725, "a": 0.46858196792939844, "Delta_proxy": 20.983275270400988, "wall_seconds": 1873.1130604669452}
{"case": "clock_main", "steps": 750, "a": 0.478157047920925, "Delta_proxy": 25.683367280754474, "wall_seconds": 1943.775829743594}
{"case": "clock_main", "steps": 775, "a": 0.48792778665119774, "Delta_proxy": 29.339679010688748, "wall_seconds": 2016.3777971044183}
{"case": "clock_main", "steps": 800, "a": 0.4978981822426424, "Delta_proxy": 34.44081695836154, "wall_seconds": 2083.7855453044176}
{"case": "ref_particles128", "steps": 650, "a": 0.5031630434105306, "Delta_proxy": 112.28874228396774, "wall_seconds": 6904.504805702716}
{"case": "clock_main", "steps": 825, "a": 0.508072314515968, "Delta_proxy": 43.21534171703515, "wall_seconds": 2152.6347560174763}
{"case": "clock_main", "steps": 850, "a": 0.5184543466596027, "Delta_proxy": 64.34748708671928, "wall_seconds": 2221.421943087131}
{"case": "clock_main", "steps": 875, "a": 0.5281930839191805, "Delta_proxy": 128.27045347337082, "wall_seconds": 2291.1929841451347}
{"case": "clock_main", "status": "completed", "steps": 896, "event200_a": 0.5325213869386797, "failures": 1, "wall_seconds": 2352.8571304008365}
{"case": "ref_particles128", "steps": 675, "a": 0.5132370796018344, "Delta_proxy": 181.98941653814944, "wall_seconds": 7188.17609192431}
{"case": "ref_particles128", "status": "completed", "steps": 683, "event200_a": 0.5147345794003969, "failures": 1, "wall_seconds": 7279.657496709377}
{"status": "matrix_finished", "completed": 6, "case_failure_count": 9, "comparison_failure_count": 2}
