{
  "q": 3,
  "n": 127,
  "g": "1.0",
  "Lambda_eV": "2000000000000.0",
  "v_eV": "333333333333.333333333333333333333333333333333333333333333333",
  "mg_eV": "0.000000000000001",
  "S_eV4": "17787675000000000000000000.0",
  "cI_eVminus2": "1.5e-24",
  "cX_eVminus2": "4.5e-24",
  "u_left": "2.39896763795083577592918536348139271689575716046472487678791e-61",
  "u_right": "-0.942809041582063365867792482806465385713114583584632048784453",
  "betaI_eVminus1": "2.39896763795083577592918536348139271689575716046472487678791e-73",
  "betaX_eVminus1": "-0.00000000000282842712474619009760337744841939615713934375075389614635336",
  "tau": "6.7853051385684415830175721863937203696766540435996396698809e-61",
  "h": "0.0138888888888888888888888888888888888888888888888888888888889",
  "kappa": "5.00278359375e-24",
  "b": "0.942809041582063365867792482806465385713114583584632048784453",
  "leading_sigma_force_at_origin_eV3": "50311142456169.686944387156954813482539443576351691309635086",
  "leading_sigma_Hessian_eV2": "284.6028",
  "leading_clock_partial_Hessian_eV2": "1.20694802580685404135202093340610919976688177214986220564949e-59",
  "leading_clock_covariant_Hessian_eV2": "6.03474012903427020676010466703054599883440886074931102824743e-60",
  "leading_X_partial_Hessian_eV2": "88.938375",
  "hessian_scope": "Leading local entries at a nonstationary origin; not vacuum particle masses or full rolling stability.",
  "transient_time_unit_seconds": 5.2021745448329274e-17,
  "transient_event_s": 0.48191263561928055,
  "transient_energy_quadrature_s": 0.48191263561928044,
  "transient_event_seconds": 2.5069936458519673e-17,
  "transient_event_r": 0.10606601717798214,
  "max_transient_energy_error": 2.220446049250313e-16,
  "max_finiteF_force_relative_error": "1.00055671874999999999998248050941987408447265662562665733619e-23",
  "max_finiteF_kinetic_relative_error": "3.5403790111623009264810767336213453210616823069545979239026e-25"
}
Main consistency 549 / 549
