{
  "spatial": [
    {
      "N": 64,
      "spacing": 0.09817477042468103,
      "dt": 0.004,
      "q_error_continuum": 0.0031369562178411316,
      "q_error_corrected": 1.7674910360784335e-06,
      "velocity_error_continuum": 0.003477070522770919,
      "velocity_error_corrected": 3.3966595637083063e-06,
      "q_error_verlet_to_lattice_reference": 2.3343538207925384e-05,
      "q_error_verlet_to_continuum": 0.0031137559586659038,
      "max_spatial_rms_continuum": 0.0017939294433091805,
      "max_spatial_rms_corrected": 1.0151422320524757e-06,
      "q_error_final_continuum": 0.00835640406505512,
      "q_error_final_corrected": 4.406152461510441e-06,
      "energy_relative_max": 8.386980489105689e-06,
      "cosine3_max": 0.004712675010987546,
      "cosine3_relative_error": 0.06575127830272981,
      "omega1_from_crossings": 1.462432437855448,
      "raw_tail_norm_fraction_ka_gt_half": 1.778963202784696e-11,
      "corrected_tail_norm_fraction_ka_gt_half": 1.7922532290547632e-11,
      "raw_tail_norm_fraction_ka_gt_one": 4.36020560267624e-19,
      "corrected_tail_norm_fraction_ka_gt_one": 4.4863242205650465e-19,
      "correction_improvement_factor": 1774.807426916946,
      "order_continuum_from_previous": null,
      "order_corrected_from_previous": null
    },
    {
      "N": 128,
      "spacing": 0.04908738521234052,
      "dt": 0.0011764705882352942,
      "q_error_continuum": 0.0007843372881925916,
      "q_error_corrected": 1.0975349672334005e-07,
      "velocity_error_continuum": 0.0008691643538304043,
      "velocity_error_corrected": 2.101918730523404e-07,
      "q_error_verlet_to_lattice_reference": 2.0204436176346143e-06,
      "q_error_verlet_to_continuum": 0.0007823291248344328,
      "max_spatial_rms_continuum": 0.00044830596057916024,
      "max_spatial_rms_corrected": 6.269328976900838e-08,
      "q_error_final_continuum": 0.0020946846330432865,
      "q_error_final_corrected": 2.9559627832783947e-07,
      "energy_relative_max": 7.257123080250949e-07,
      "cosine3_max": 0.004681972787349546,
      "cosine3_relative_error": 0.01642830401308339,
      "omega1_from_crossings": 1.4626392038626752,
      "raw_tail_norm_fraction_ka_gt_half": 1.9231172775308194e-19,
      "corrected_tail_norm_fraction_ka_gt_half": 1.9225133960553658e-19,
      "raw_tail_norm_fraction_ka_gt_one": 1.719602924312634e-24,
      "corrected_tail_norm_fraction_ka_gt_one": 3.146446888886397e-33,
      "correction_improvement_factor": 7146.353525024368,
      "order_continuum_from_previous": 1.999819299431234,
      "order_corrected_from_previous": 4.009364088784935
    },
    {
      "N": 256,
      "spacing": 0.02454369260617026,
      "dt": 0.00029850746268656717,
      "q_error_continuum": 0.00019608975604778152,
      "q_error_corrected": 6.84921110919817e-09,
      "velocity_error_continuum": 0.00021727987007393143,
      "velocity_error_corrected": 1.3115192526661059e-08,
      "q_error_verlet_to_lattice_reference": 1.3009330758607313e-07,
      "q_error_verlet_to_continuum": 0.0001959604511318031,
      "max_spatial_rms_continuum": 0.00011206283688693918,
      "max_spatial_rms_corrected": 3.9052369815693525e-09,
      "q_error_final_continuum": 0.0005240082050219855,
      "q_error_final_corrected": 1.8737278001182663e-08,
      "energy_relative_max": 4.672477194045399e-08,
      "cosine3_max": 0.004673797132824951,
      "cosine3_relative_error": 0.00410672446511332,
      "omega1_from_crossings": 1.4626912072153242,
      "raw_tail_norm_fraction_ka_gt_half": 1.0753576044047847e-16,
      "corrected_tail_norm_fraction_ka_gt_half": 1.7708611621615422e-33,
      "raw_tail_norm_fraction_ka_gt_one": 1.0753576043579223e-16,
      "corrected_tail_norm_fraction_ka_gt_one": 0.0,
      "correction_improvement_factor": 28629.538923751694,
      "order_continuum_from_previous": 1.9999600197730447,
      "order_corrected_from_previous": 4.002185265920156
    },
    {
      "N": 512,
      "spacing": 0.01227184630308513,
      "dt": 7.518796992481203e-05,
      "q_error_continuum": 4.902276746767377e-05,
      "q_error_corrected": 4.2794759518673576e-10,
      "velocity_error_continuum": 5.431919315364189e-05,
      "velocity_error_corrected": 8.355403158865533e-10,
      "q_error_verlet_to_lattice_reference": 8.253835062936986e-09,
      "q_error_verlet_to_continuum": 4.9014563616593496e-05,
      "max_spatial_rms_continuum": 2.801481716836232e-05,
      "max_spatial_rms_corrected": 2.438925120623045e-10,
      "q_error_final_continuum": 0.00013102291021620697,
      "q_error_final_corrected": 1.1750321478806806e-09,
      "energy_relative_max": 2.9644391386085545e-09,
      "cosine3_max": 0.004671713755544601,
      "cosine3_relative_error": 0.001026655110764344,
      "omega1_from_crossings": 1.4627042396046903,
      "raw_tail_norm_fraction_ka_gt_half": 2.695109103856618e-18,
      "corrected_tail_norm_fraction_ka_gt_half": 0.0,
      "raw_tail_norm_fraction_ka_gt_one": 2.695109097780722e-18,
      "corrected_tail_norm_fraction_ka_gt_one": 0.0,
      "correction_improvement_factor": 114553.20235245764,
      "order_continuum_from_previous": 1.9999903338170724,
      "order_corrected_from_previous": 4.000431782627867
    }
  ],
  "temporal": [
    {
      "dt": 0.01,
      "N": 128,
      "q_error": 0.00014598090138593443,
      "velocity_error": 0.00015789305280587305,
      "energy_relative_max": 5.243281103628483e-05,
      "order_from_previous": null
    },
    {
      "dt": 0.005,
      "N": 128,
      "q_error": 3.649448496506569e-05,
      "velocity_error": 3.9473088984973415e-05,
      "energy_relative_max": 1.3108184377386145e-05,
      "order_from_previous": 2.0000292683611285
    },
    {
      "dt": 0.0025,
      "N": 128,
      "q_error": 9.123575425498983e-06,
      "velocity_error": 9.868261838706005e-06,
      "energy_relative_max": 3.277044944072216e-06,
      "order_from_previous": 2.0000072447490633
    },
    {
      "dt": 0.00125,
      "N": 128,
      "q_error": 2.2808914528831076e-06,
      "velocity_error": 2.46706529852566e-06,
      "energy_relative_max": 8.192611627988455e-07,
      "order_from_previous": 2.000001520240534
    }
  ],
  "continuum_modes": {
    "cosine3_max": 0.004671015792601266,
    "cosine3_max_relative_to_initial_A": 0.009342031585202531,
    "effective_frequency": {
      "omega": 1.4627085866430227,
      "descending_zero_times": [
        1.0738089142278755,
        5.369444052863046,
        9.665093358020677,
        13.960658285266916,
        18.256138640204966
      ],
      "period_min": 4.29548035493805,
      "period_max": 4.295649305157631,
      "definition": "Mean descending-zero period over the finite window; not a fitted or asymptotic frequency."
    }
  },
  "all_checks_passed": true
}
