{
  "sample_count": 18,
  "max_precision_relative_error": "3.8777629884701666511959353587501882893254084427457469296204832351172170961113987664188483274060703834360353098e-139",
  "max_chain_derivative_relative_error": "1.9970117962897134480437082674470937578910874611839358562803559756522657185234195574047544044851896553007417982e-309",
  "max_primary_relative_errors": {
    "s": "2.1728288078585364581805141333090023893994007320274402515158114132255780121800569440017422499181769596683471596e-16",
    "sp": "4.1398989477520690674614754913609171240360923330100989636091320093668277687556473287120898454850855289589781291e-16",
    "d": "4.0401403153313340962001280628459925304414087992898761795732828236263679072798432575136554631958992902924980968e-14",
    "dp": "4.035719082438629789068486037971747893650826452504339738678656098346557265305932320211242146830465831454035453e-14",
    "h2": "3.969188767705662249115823788008229489438879469917274300635866601134408896387627145764124415732253812072050274e-14",
    "h2p": "3.9510494567554515558134844035420001603753885736635472474564848649451603679981298456336893688361752038906034274e-14",
    "U1": "2.2707186366494181174337737931719666799798429836736959968413567069834028983154858591146426114348945645193493124e-13",
    "U1p": "9.5401448425750076005133385746299644461550252774780159837561828831471088652447443150449229009327802483749811307e-14",
    "loop_force_ratio": "1.2592749323061731149765477925271122202007024440407957476223333345535807372248822331685288173127137553513791033e-13"
  },
  "max_threshold_relative_error": "1.8641485708131899161258605113540370097340004699335148307205525604052431437458487329790455531367550034703854616e-14",
  "all_checks_pass": true
}
Traceback (most recent call last):
  File "/root/autodl-tmp/dsc_world/riemann_model/experiments/sugra_shift_v01/code/check_particle_precision.py", line 241, in <module>
    main()
  File "/root/autodl-tmp/dsc_world/riemann_model/experiments/sugra_shift_v01/code/check_particle_precision.py", line 235, in main
    (ROOT/"reports/particle_precision_cn.md").write_text("\n".join(text))
  File "/root/miniconda3/lib/python3.12/pathlib.py", line 1047, in write_text
    with self.open(mode='w', encoding=encoding, errors=errors, newline=newline) as f:
         ^^^^^^^^^^^^^^^^^^^^^^^^^^^^^^^^^^^^^^^^^^^^^^^^^^^^^^^^^^^^^^^^^^^^^^
  File "/root/miniconda3/lib/python3.12/pathlib.py", line 1013, in open
    return io.open(self, mode, buffering, encoding, errors, newline)
           ^^^^^^^^^^^^^^^^^^^^^^^^^^^^^^^^^^^^^^^^^^^^^^^^^^^^^^^^^
FileNotFoundError: [Errno 2] No such file or directory: '/root/autodl-tmp/dsc_world/riemann_model/experiments/sugra_shift_v01/reports/particle_precision_cn.md'
