{
  "arithmetic_digits": [
    320,
    400
  ],
  "max_precision_relative_error": "3.8777629884701666511959353587501882893254084427457469296204832351172170961113987664188483274060703834360353098e-139",
  "max_derivative_relative_error": "1.2322185424268174412456474694286821602388255027294258638562958170214928315142419642312772867670969093251472062e-309",
  "all_checks_pass": true
}
Saved 270 benchmark samples to /root/autodl-tmp/dsc_world/riemann_model/experiments/protected_threshold_v01/results/independent_precision.json
{
  "potential_points": 270,
  "max_relative_errors": {
    "U_eV4": "7.7306674776953507748519042267887105030444267027757878168720828094178859971039053120791774627870669819499674239e-13",
    "Up_eV4": "7.7889737185643776265546265141777442622599543792023671187794115135300452696917080271622118518360703724740349335e-13",
    "deltaU_eV4": "1.5578011155372128926633846715205822759697604129438673360089566239540975685133531640863394047738414924612251729e-12",
    "s": "1.1560850198716523769989760532169776915195266977751150108521268312639534837589670821910011555117116774258404997e-16",
    "sp": "3.6887390776568416359341027447817962299791983060754983158406669232559619622423873671910848236146079560148169671e-16",
    "d": "1.8707579881708327809573679148602512638261676896972026201537633530012249322118502473690130267120073815933726356e-16",
    "h2": "2.2094652726981985753962625072310283931856033606639900953684614513493601061267885995123668885143256008203222375e-14"
  },
  "threshold_points": 30,
  "max_threshold_relative_error": "3.3470443836762214536972694075135118739405551240413787105658491800615784035850954005985521157052167107987040209e-13",
  "all_checks_pass": true
}
