{"status": "fail", "checks_total": 4087, "checks_passed": 3262, "rows_total": 560, "csv_cells_total": 4009, "comparison_group_count": 70}
[
  {
    "group": "momentum_profile.s",
    "label": "row 41",
    "observed": "0.000000012589254117941686598153973007165166288704887379154346553437656274",
    "expected": "0.0000000125892541179416721042395410639580060609361740946693106910792301952664761578250202412105096627594617038869060232514490938366336138668857736222160592912125376632986578578666976659226",
    "scaled_error": "1.151292546497023504746259537142187758833e-15",
    "rtol": "1e-58",
    "atol": "0",
    "exact": false
  },
  {
    "group": "momentum_profile.p_over_M",
    "label": "row 41",
    "observed": "0.00011220184543019640814767806814585603896906998039407635907265870248",
    "expected": "0.00011220184543019634355910389464779057367223085073605529624450744481701033026862243559423224106931904798567805366625004174240374310992214098564580243621466176021925637408531724707012",
    "scaled_error": "5.756462732485115866888138161210606738054e-16",
    "rtol": "1e-58",
    "atol": "0",
    "exact": false
  },
  {
    "group": "momentum_profile.local_cross",
    "label": "row 41",
    "observed": "4.2710954381388728612856161871654349111687812960074788126906632414e-69",
    "expected": "4.27109543813886794400653322533673264458582176983539286841664128115275269267588147658369401728347727822862096099929019954126349845281556858529046379972890638602348809923250697186456e-69",
    "scaled_error": "1.151292251409988538486651606031396341533e-15",
    "rtol": "1e-58",
    "atol": "0",
    "exact": false
  },
  {
    "group": "momentum_profile.local_tau",
    "label": "row 41",
    "observed": "3.8439858943249855751570545684488914200519031664067309314215969173e-68",
    "expected": "3.84398589432498114960587990280305938012723959285185358157497715303747742340829332892532461555512955040575886489936117958713714860753401172676141741975601574742113928930925627467811e-68",
    "scaled_error": "1.151292251409988538486651606031396341533e-15",
    "rtol": "1e-58",
    "atol": "0",
    "exact": false
  },
  {
    "group": "momentum_profile.ratio_to_abstract_static",
    "label": "row 41",
    "observed": "0.000000050357003564794555607862473120342979391063546095119880498625372465",
    "expected": "0.0000000503570035647944976322344647472671538644754530135093193568167309988845764875412763465161402984564557326261222334077547982777234628814850808788055742735712519700756934365863897798986",
    "scaled_error": "1.151292251409988538486651606031396341533e-15",
    "rtol": "1e-58",
    "atol": "0",
    "exact": false
  },
  {
    "group": "momentum_profile.s",
    "label": "row 46",
    "observed": "0.000000039810717055349770910807047034845225988801028658054209617191000885",
    "expected": "0.0000000398107170553497250770252305087752043487677037297380446865284148060224853869458039074018311607377360253577613955560098735945993155954215388945112255707449439960297858074906676866477",
    "scaled_error": "1.151292546497023504746259537142187758833e-15",
    "rtol": "1e-58",
    "atol": "0",
    "exact": false
  },
  {
    "group": "momentum_profile.p_over_M",
    "label": "row 46",
    "observed": "0.00019952623149688807499177711617729928155650425586574571637131064395",
    "expected": "0.000199526231496887960135245539673953555798627431540534609922991366700493091069804896447538007979753479608108592463011263644448514662110059755641288967684752385519863539126765625117812",
    "scaled_error": "5.756462732485115866888138161210606738054e-16",
    "rtol": "1e-58",
    "atol": "0",
    "exact": false
  },
  {
    "group": "momentum_profile.local_cross",
    "label": "row 46",
    "observed": "1.3506382203073064566451881233843182861594338253475002616419758443e-68",
    "expected": "1.35063822030730490166673241373128826800407651647194277911204894532497127120353837555406434532611743274742601445404413266808289062022995407597364118978074284634888283699028352742079e-68",
    "scaled_error": "1.151291613349913549749781595301725894671e-15",
    "rtol": "1e-58",
    "atol": "0",
    "exact": false
  },
  {
    "group": "momentum_profile.local_tau",
    "label": "row 46",
    "observed": "1.2155743982765758109806693110458864575434904428127502354777782599e-67",
    "expected": "1.21557439827657441150005917235815944120366886482474850120084405079247414408318453799865791079350568947268341300863971940127460155820695866837627707080266856171399455329125517467871e-67",
    "scaled_error": "1.151291613349913549749781595301725894671e-15",
    "rtol": "1e-58",
    "atol": "0",
    "exact": false
  },
  {
    "group": "momentum_profile.ratio_to_abstract_static",
    "label": "row 46",
    "observed": "0.00000015924273915171491445882493965351718056928474349063920134054865459",
    "expected": "0.000000159242739151714731123994867416420540508904827351613289488386658413223842142089664313126999710141183922161297076929807167262825293309730488038367583922723771205958792406889752899788",
    "scaled_error": "1.151291613349913549749781595301725894671e-15",
    "rtol": "1e-58",
    "atol": "0",
    "exact": false
  },
  {
    "group": "momentum_profile.s",
    "label": "row 48",
    "observed": "0.00000006309573444801947022673358518259070070334379634375296687865737997",
    "expected": "0.0000000630957344480193249434360136622343864672945257188228724527729528833494943297686807572914067743652264873273467309883646590676423964648804485698185465559246598503624185919133952391519",
    "scaled_error": "2.302585092994048334967046693885404167027e-15",
    "rtol": "1e-58",
    "atol": "0",
    "exact": false
  },
  {
    "group": "momentum_profile.p_over_M",
    "label": "row 48",
    "observed": "0.00025118864315095830030011583117850345896746320413875753287803909513",
    "expected": "0.000251188643150958011108503206779932739415851810078247542867988842090824324772356130845385100887779695919169077625706497340878865360917186044263062079580736464914510718949221629359299",
    "scaled_error": "1.151292546497023504746259537142187758833e-15",
    "rtol": "1e-58",
    "atol": "0",
    "exact": false
  }
]
