Traceback (most recent call last):
  File "/root/autodl-tmp/dsc_world/riemann_model/experiments/higgs_stabilization_v01/code/run_stabilization.py", line 142, in <module>
    if __name__=='__main__':main()
                            ^^^^^^
  File "/root/autodl-tmp/dsc_world/riemann_model/experiments/higgs_stabilization_v01/code/run_stabilization.py", line 136, in main
    write_json(ROOT/'results/summary.json',result)
  File "/root/autodl-tmp/dsc_world/riemann_model/experiments/higgs_stabilization_v01/code/run_stabilization.py", line 18, in write_json
    def write_json(path,obj): path.write_text(json.dumps(obj,indent=2,ensure_ascii=False)+'\n')
                                              ^^^^^^^^^^^^^^^^^^^^^^^^^^^^^^^^^^^^^^^^^^^
  File "/root/miniconda3/lib/python3.12/json/__init__.py", line 238, in dumps
    **kw).encode(obj)
          ^^^^^^^^^^^
  File "/root/miniconda3/lib/python3.12/json/encoder.py", line 202, in encode
    chunks = list(chunks)
             ^^^^^^^^^^^^
  File "/root/miniconda3/lib/python3.12/json/encoder.py", line 432, in _iterencode
    yield from _iterencode_dict(o, _current_indent_level)
  File "/root/miniconda3/lib/python3.12/json/encoder.py", line 406, in _iterencode_dict
    yield from chunks
  File "/root/miniconda3/lib/python3.12/json/encoder.py", line 406, in _iterencode_dict
    yield from chunks
  File "/root/miniconda3/lib/python3.12/json/encoder.py", line 326, in _iterencode_list
    yield from chunks
  File "/root/miniconda3/lib/python3.12/json/encoder.py", line 406, in _iterencode_dict
    yield from chunks
  File "/root/miniconda3/lib/python3.12/json/encoder.py", line 439, in _iterencode
    o = _default(o)
        ^^^^^^^^^^^
  File "/root/miniconda3/lib/python3.12/json/encoder.py", line 180, in default
    raise TypeError(f'Object of type {o.__class__.__name__} '
TypeError: Object of type bool is not JSON serializable
