{
  "q": 3,
  "n": 127,
  "Lambda_eV": "2000000000000.0",
  "M_eV": "666666666666.66666666666666666666666666666666666666666666666666667",
  "original_tau": "6.7853051385684415830175721863937203696766540435996396698808954858e-61",
  "abstract_tau_after_gauging": "7.6334682808894967808947687096929354158862357990495946286160074215e-61",
  "abstract_enhancement": "1.125",
  "physical_local_tau": "0",
  "physical_local_zeta": 9,
  "abstract_zeta": "1.125",
  "degree_exact": "5895092288869291585760436430706259332839105796137920554548480",
  "degree_scientific": "5895092288869291585760436430706259332839105796137920554548480.0",
  "log10_mu_over_v_at_ratio_0p9": "-269744629762245329407502334789638596599752419305590254858482.37672",
  "one_minus_ratio_for_leading_mu_equal_v": "2.3618981987999433262368922120520128753003310822289541673676514944e-59",
  "shared_left_row_coefficient_for_old_site_source": "2.5444894269631655936315895698976451386287452663498648762053358072e-61",
  "radial_mass_lambda_over_g_3_eV": "1414213562373.095048801688724209698078569671875376948073176679738",
  "eta_benchmarks": [
    {
      "q": 3,
      "n": 127,
      "eta": 0.5,
      "M_eV": 666666666666.6666,
      "Lambda_eV": 2000000000000.0,
      "lightest_vector_eV": 313707982704.7734,
      "heaviest_vector_eV": 2666516084277.8,
      "radial_mass_lambda_over_g_1_eV": 471404520791.0316,
      "radial_mass_lambda_over_g_3_eV": 1414213562373.0947,
      "all_heavy_gap_lambda_over_g_3_eV": 313707982704.7734,
      "probe_over_gap_lambda_over_g_3": 0.31876778887743107,
      "gap_criterion_lambda_over_g_3": false,
      "abstract_tau": "7.6334682808894967808947687096929354158862357990495946286160074215e-61",
      "physical_local_tau": "0",
      "physical_local_zeta": 9,
      "abstract_zeta": "1.125",
      "physical_source_h2": 4.0
    },
    {
      "q": 3,
      "n": 127,
      "eta": 1.0,
      "M_eV": 666666666666.6666,
      "Lambda_eV": 2000000000000.0,
      "lightest_vector_eV": 623609564462.3235,
      "heaviest_vector_eV": 2666516125226.227,
      "radial_mass_lambda_over_g_1_eV": 471404520791.0316,
      "radial_mass_lambda_over_g_3_eV": 1414213562373.0947,
      "all_heavy_gap_lambda_over_g_3_eV": 623609564462.3235,
      "probe_over_gap_lambda_over_g_3": 0.16035674514745465,
      "gap_criterion_lambda_over_g_3": false,
      "abstract_tau": "7.6334682808894967808947687096929354158862357990495946286160074215e-61",
      "physical_local_tau": "0",
      "physical_local_zeta": 9,
      "abstract_zeta": "1.125",
      "physical_source_h2": 1.0
    },
    {
      "q": 3,
      "n": 127,
      "eta": 2.0,
      "M_eV": 666666666666.6666,
      "Lambda_eV": 2000000000000.0,
      "lightest_vector_eV": 1192569587999.8877,
      "heaviest_vector_eV": 2666516365464.693,
      "radial_mass_lambda_over_g_1_eV": 471404520791.0316,
      "radial_mass_lambda_over_g_3_eV": 1414213562373.0947,
      "all_heavy_gap_lambda_over_g_3_eV": 1192569587999.8877,
      "probe_over_gap_lambda_over_g_3": 0.08385254915624213,
      "gap_criterion_lambda_over_g_3": true,
      "abstract_tau": "7.6334682808894967808947687096929354158862357990495946286160074215e-61",
      "physical_local_tau": "0",
      "physical_local_zeta": 9,
      "abstract_zeta": "1.125",
      "physical_source_h2": 0.25
    }
  ]
}
Main consistency 245 / 245
