{
  "passed": 22,
  "total": 22,
  "kernel_points": 12300,
  "direct_spectrum_points": 1344,
  "max_residuals": {
    "precision_force_over_2U": "5.5264184301538182794626458270948477199414473403407e-106",
    "neglected_force_over_2U": "2.1656389541436372742940563479963135804826842446368e-54",
    "common_split_over_s": "9.1330966463099709782272797729244260731530710839837e-55",
    "B_over_s": "1.6189408454487778691397938015468764224487954787749e-28"
  },
  "max_null_residual": "3.895152655764552050462059581118487044259158902527e-81",
  "max_rg_residual": "1.9956233834272592051655240576165639158857705778469e-80",
  "elapsed_seconds": 12.161044120788574
}
{
  "passed": 261,
  "total": 261,
  "production_kernel_rows": 3075,
  "production_rg_rows": 192,
  "max_budget_relative_error": "0.000000000000015639321811294071008019441009134561236964077302194",
  "max_kernel_global_norm_error": "0.000000000000012126180062494601220335788997416198134685685478537",
  "max_rg_output_relative_error": "0.000000000000026539321811294486065013901339461739026339959095604",
  "max_finite_boundary_relative_error": "0.000000000000014004894416689726676151084693903450719895326914908",
  "production_code_imported_or_read": false,
  "production_output_hashes": {
    "coefficient_budgets.csv": "b9bbbc111858087eca17244d7a5cf18c2192f4d73e93f6cbfc6fff8b99763101",
    "response_kernels.csv": "b611c1fc363d325b2fb291c28eb398a59a64dc2c6ae97861726544aa90cc4cc3",
    "rg_closure.csv": "e5b0d61200d871f190d13d4272674274952cdae8c89631f7d176730554cb4110"
  }
}
